// Jest Snapshot v1, https://goo.gl/fbAQLP

exports[`Pruebas en <SearchScreen /> debe mostrar correctamente valores por defecto 1`] = `
<div>
  <h1>
    Buscar Heroes
  </h1>
  <hr />
  <div
    className="row"
  >
    <div
      className="col-5"
    >
      <h4>
        Buscador
      </h4>
      <hr />
      <form
        onSubmit={[Function]}
      >
        <input
          autoComplete="off"
          className="form-control"
          name="searchText"
          onChange={[Function]}
          placeholder="Buscar heroe..."
          type="text"
          value=""
        />
        <div
          className="d-grid gap-2"
        >
          <button
            className="btn mt-2 w-100 btn-outline-primary"
            type="submit"
          >
            Buscar...
          </button>
        </div>
      </form>
    </div>
    <div
      className="col-7"
    >
      <h4>
        Resultados
      </h4>
      <hr />
      <div
        className="alert alert-info"
      >
        Busca un heroe
      </div>
    </div>
  </div>
</div>
`;
